conda : C:\Users\norma\miniconda3\envs\qtcad\Lib\site-packages\qtcad\device\schrodinger.py:67: UserWarning: The confinement potential is zero everywhere. Did you forget to set th
e confinement potential using, e.g., set_V_fom_phi?
At line:4 char:1
+ conda run --no-capture-output -n qtcad python quantum_well_holes.py 2 ...
+ ~~~~~~~~~~~~~~~~~~~~~~~~~~~~~~~~~~~~~~~~~~~~~~~~~~~~~~~~~~~~~~~~~~~~~
    + CategoryInfo          : NotSpecified: (C:\Users\norma\... set_V_fom_phi?:String) [], RemoteException
    + FullyQualifiedErrorId : NativeCommandError
 
  super().solve(k=k, mixing=mixing)
C:\Users\norma\Desktop\연구자료\QTCAD Simulation\Simulation Example\M15. Mesh accuracy\Reference\quantum_well_holes.py:68: UserWarning: FigureCanvasAgg is non-interactive, and thus c
annot be shown
  plt.show()
C:\Users\norma\Desktop\연구자료\QTCAD Simulation\Simulation Example\M15. Mesh accuracy\Reference\quantum_well_holes.py:121: UserWarning: FigureCanvasAgg is non-interactive, and thus 
cannot be shown
  plt.show()

|  ||  |||                                                                 \\  
|  ||  |||         @@@@     @@@@@@@@      @@@@@        @       @@@@@@@      \\ 
|  ||  |||      @@@   @@@      @@      @@@    @       @@       @@    @@@     \\
|  ||  |||     @@       @@     @@     @@             @ @@      @@     @@@     \\
|  ||  |||     @@       @@     @@     @@            @    @     @@      @@     //
|  ||  |||      @@     @@      @@      @@@    @    @@@@@@@@    @@    @@@     //
|  ||  |||        @@@@@@       @@        @@@@@@   @@      @@   @@@@@@       // 
|  ||  |||             @@                                                  //   

                                 Version 2.2.6                                  
  Copyright (c) 2022-2026 Nanoacademic Technologies Inc. All rights reserved.   

      Welcome to QTCAD, the Quantum-Technology Computer-Aided Design tool.      

                        For documentation, please visit:                        
                      https://docs.nanoacademic.com/qtcad/                      

                      For technical support, please visit:                      
        https://nanoacademic.atlassian.net/servicedesk/customer/portal/1        
                                   or email:                                    
                            support@nanoacademic.com                            

    Please consider citing QTCAD in your work following our suggestions at:     
                  https://docs.nanoacademic.com/qtcad/citing/                   

                   For any commercial inquiry, please email:                    
                             sales@nanoacademic.com                             

      For more information about Nanoacademic Technologies, please visit:       
                            https://nanoacademic.com                            

--------------------------------------------------------------------------------
Loading mesh from file:
 C:\Users\norma\Desktop\연구자료\QTCAD Simulation\Simulation Example\M15. Mesh accuracy\Reference\meshes\quantum_well.msh
Done.
================================================================================
1D MESH STATISTICS
--------------------------------------------------------------------------------
Total number of elements      252                 
Line elements                 250                 
Point elements                2                   
Total number of nodes         251                 
Boundary physical names       left_barrier, right_barrier,  
Region physical names         well,                         
================================================================================
--------------------------------------------------------------------------------
Solving Schrödinger's equation for holes.
The x and y directions are taken to be translationally invariant.
--------------------------------------------------------------------------------
Energies at (0,0)
Energy levels (eV)
[0.26886864 0.26886864 0.47210612 0.47210612 1.07555947 1.07555947 1.29720143 1.29720143 1.56859491 1.56859491 2.42032732 2.42032732 2.64516370 2.64516370 4.30359710 4.30359710 4.52953264 4.52953264 5.84313954 5.84313954]
--------------------------------------------------------------------------------
Solving Schrödinger's equation for holes.
The x and y directions are taken to be translationally invariant.
--------------------------------------------------------------------------------
Energies at (1, 1)/aB
Energy levels (eV)
[7.18517127 7.18517127 7.99185654 7.99185654 9.33661459 9.33661459 11.21986940 11.21986940 13.64221459 13.64221459 16.60441336 16.60441336 20.10739782 20.10739782 24.15226682 24.15226682 28.74027822 28.74027822 33.87281669 33.87281669]

================================================================================
Exiting QTCAD script.
Total simulation time: 12.919223900011275 s
