
|  ||  |||                                                                 \\  
|  ||  |||         @@@@     @@@@@@@@      @@@@@        @       @@@@@@@      \\ 
|  ||  |||      @@@   @@@      @@      @@@    @       @@       @@    @@@     \\
|  ||  |||     @@       @@     @@     @@             @ @@      @@     @@@     \\
|  ||  |||     @@       @@     @@     @@            @    @     @@      @@     //
|  ||  |||      @@     @@      @@      @@@    @    @@@@@@@@    @@    @@@     //
|  ||  |||        @@@@@@       @@        @@@@@@   @@      @@   @@@@@@       // 
|  ||  |||             @@                                                  //   

                                 Version 2.2.6                                  
  Copyright (c) 2022-2026 Nanoacademic Technologies Inc. All rights reserved.   

      Welcome to QTCAD, the Quantum-Technology Computer-Aided Design tool.      

                        For documentation, please visit:                        
                      https://docs.nanoacademic.com/qtcad/                      

                      For technical support, please visit:                      
        https://nanoacademic.atlassian.net/servicedesk/customer/portal/1        
                                   or email:                                    
                            support@nanoacademic.com                            

    Please consider citing QTCAD in your work following our suggestions at:     
                  https://docs.nanoacademic.com/qtcad/citing/                   

                   For any commercial inquiry, please email:                    
                             sales@nanoacademic.com                             

      For more information about Nanoacademic Technologies, please visit:       
                            https://nanoacademic.com                            

--------------------------------------------------------------------------------
Loading mesh from file:
 C:\Users\norma\Desktop\연구자료\QTCAD Simulation\Simulation Example\M19. Strain\Reference\meshes\box_order2.msh
Done.
================================================================================
3D MESH STATISTICS
--------------------------------------------------------------------------------
Total number of elements      11840               
Triangular elements           2240                
Tetrahedral elements          9600                
Total number of nodes         15129               
Boundary physical names       bnd,                          
Region physical names         domain,                       
================================================================================
------------------------
e_xx = e_yy = 0.0
Energy levels (eV)
[0.00895524 0.00895534 0.01092112 0.01092130 0.01107191 0.01107206 0.01255876 0.01255926 0.01376290 0.01386897]

------------------------
------------------------
e_xx = e_yy = 0.00175
Energy levels (eV)
[0.00834887 0.00834903 0.01007451 0.01007476 0.01030289 0.01030342 0.01101775 0.01102293 0.01115194 0.01126291]

------------------------
------------------------
e_xx = e_yy = 0.0035
Energy levels (eV)
[0.00667261 0.00667327 0.00667405 0.00667497 0.00714142 0.00714234 0.00714442 0.00714472 0.00758610 0.00766507]

------------------------
------------------------
e_xx = e_yy = 0.00525
Energy levels (eV)
[0.00166753 0.00166791 0.00166875 0.00166927 0.00212233 0.00212262 0.00212441 0.00212515 0.00254026 0.00254715]

------------------------
------------------------
e_xx = e_yy = 0.007
Energy levels (eV)
[-0.00377209 -0.00377112 -0.00376720 -0.00376656 -0.00339765 -0.00339650 -0.00339440 -0.00339117 -0.00302618 -0.00300618]

------------------------

================================================================================
Exiting QTCAD script.
Total simulation time: 449.2001551000285 s
