python : C:\Users\norma\miniconda3\envs\qtcad\Lib\site-packages\qtcad\device\many_body.py:199: SyntaxWarning: invalid escape sequence '\p'
At line:7 char:1
+ python -X utf8 nanowire_diamond.py *> nanowire_diamond_run.log
+ ~~~~~~~~~~~~~~~~~~~~~~~~~~~~~~~~~~~~~~~~~~~~~~~~~~~~~~~~~~~~~~
    + CategoryInfo          : NotSpecified: (C:\Users\norma\...e sequence '\p':String) [], RemoteException
    + FullyQualifiedErrorId : NativeCommandError
 
  \\frac{\partial\langle N\\rangle}{\partial\mu}=
C:\Users\norma\miniconda3\envs\qtcad\Lib\site-packages\qtcad\device\many_body.py:228: SyntaxWarning: invalid escape sequence '\m'
  :math:`\mu(N) = E(N+1)-E(N)` with :math:`N` the total energy with
C:\Users\norma\miniconda3\envs\qtcad\Lib\site-packages\qtcad\device\many_body.py:259: SyntaxWarning: invalid escape sequence '\m'
  :math:`n_\mathrm{states}\\times n_\mathrm{degen}`.
C:\Users\norma\Desktop\연구자료\QTCAD Simulation\Simulation Example\M06. Charge stability\Reference\nanowire_diamond.py:91: UserWarning: FigureCanvasAgg is non-interactive, and thus cannot be shown

|  ||  |||                                                                 \\  
|  ||  |||         @@@@     @@@@@@@@      @@@@@        @       @@@@@@@      \\ 
|  ||  |||      @@@   @@@      @@      @@@    @       @@       @@    @@@     \\
|  ||  |||     @@       @@     @@     @@             @ @@      @@     @@@     \\
|  ||  |||     @@       @@     @@     @@            @    @     @@      @@     //
|  ||  |||      @@     @@      @@      @@@    @    @@@@@@@@    @@    @@@     //
|  ||  |||        @@@@@@       @@        @@@@@@   @@      @@   @@@@@@       // 
|  ||  |||             @@                                                  //   

                                 Version 2.2.6                                  
  Copyright (c) 2022-2026 Nanoacademic Technologies Inc. All rights reserved.   

      Welcome to QTCAD, the Quantum-Technology Computer-Aided Design tool.      

                        For documentation, please visit:                        
                      https://docs.nanoacademic.com/qtcad/                      

                      For technical support, please visit:                      
        https://nanoacademic.atlassian.net/servicedesk/customer/portal/1        
                                   or email:                                    
                            support@nanoacademic.com                            

    Please consider citing QTCAD in your work following our suggestions at:     
                  https://docs.nanoacademic.com/qtcad/citing/                   

                   For any commercial inquiry, please email:                    
                             sales@nanoacademic.com                             

      For more information about Nanoacademic Technologies, please visit:       
                            https://nanoacademic.com                            

--------------------------------------------------------------------------------
Loading mesh from file:
 C:\Users\norma\Desktop\연구자료\QTCAD Simulation\Simulation Example\M06. Charge stability\Reference\meshes\nanowire.msh
Done.
================================================================================
3D MESH STATISTICS
--------------------------------------------------------------------------------
Total number of elements      115864              
Triangular elements           5824                
Tetrahedral elements          110040              
Total number of nodes         20844               
Boundary physical names       drain_bnd, gate_bnd, source_bnd, 
Region physical names         drain, drain_ox, channel, channel_ox, source, source_ox, 
================================================================================
--------------------------------------------------------------------------------
Solving Schrödinger's equation for electrons.
--------------------------------------------------------------------------------
Schrodinger's equation solved in 74.72806870000204 s.
Initializing Coulomb matrix calculation.
... 1 % completed
... 2 % completed
... 3 % completed
... 4 % completed
... 5 % completed
... 6 % completed
... 7 % completed
... 8 % completed
... 9 % completed
... 10 % completed
... 11 % completed
... 12 % completed
... 13 % completed
... 14 % completed
... 15 % completed
... 16 % completed
... 17 % completed
... 18 % completed
... 19 % completed
... 20 % completed
... 21 % completed
... 22 % completed
... 23 % completed
... 24 % completed
... 25 % completed
... 26 % completed
... 27 % completed
... 28 % completed
... 29 % completed
... 30 % completed
... 31 % completed
... 32 % completed
... 33 % completed
... 34 % completed
... 35 % completed
... 36 % completed
... 37 % completed
... 38 % completed
... 39 % completed
... 40 % completed
... 41 % completed
... 42 % completed
... 43 % completed
... 44 % completed
... 45 % completed
... 46 % completed
... 47 % completed
... 48 % completed
... 49 % completed
... 50 % completed
... 51 % completed
... 52 % completed
... 53 % completed
... 54 % completed
... 55 % completed
... 56 % completed
... 57 % completed
... 58 % completed
... 59 % completed
... 60 % completed
... 61 % completed
... 62 % completed
... 63 % completed
... 64 % completed
... 65 % completed
... 66 % completed
... 67 % completed
... 68 % completed
... 69 % completed
... 70 % completed
... 71 % completed
... 72 % completed
... 73 % completed
... 74 % completed
... 75 % completed
... 76 % completed
... 77 % completed
... 78 % completed
... 79 % completed
... 80 % completed
... 81 % completed
... 82 % completed
... 83 % completed
... 84 % completed
... 85 % completed
... 86 % completed
... 87 % completed
... 88 % completed
... 89 % completed
... 90 % completed
... 91 % completed
... 92 % completed
... 93 % completed
... 94 % completed
... 95 % completed
... 96 % completed
... 97 % completed
... 98 % completed
... 99 % completed
... 100 % completed
Done.
Computing contributions to block-row 0 (part 1/2)
... Step 1 / 2 completed
... Step 2 / 2 completed
Done.
Computing contributions to block-row 1 (part 1/2)
... Step 1 / 1 completed
Done.
Computing contributions to block-row 0 (part 2/2)
... Step 1 / 2 completed
... Step 2 / 2 completed
Done.
Computing contributions to block-row 1 (part 2/2)
... Step 1 / 1 completed
Done.
Computing Coulomb integrals...
Done.
Coulomb integrals computed in 80.40500879999308 s.
--------------------------------------------------------------------------------
--------------------------------------------------------------------------------
Constructing and solving many-body Hamiltonian.
... Step 1 / 5 completed
... Step 2 / 5 completed
... Step 3 / 5 completed
... Step 4 / 5 completed
... Step 5 / 5 completed
Done.
Many-body problem solved in 55.97707680000167 s.
  plt.show()

================================================================================
Exiting QTCAD script.
Total simulation time: 1118.2829431999999 s
