
|  ||  |||                                                                 \\  
|  ||  |||         @@@@     @@@@@@@@      @@@@@        @       @@@@@@@      \\ 
|  ||  |||      @@@   @@@      @@      @@@    @       @@       @@    @@@     \\
|  ||  |||     @@       @@     @@     @@             @ @@      @@     @@@     \\
|  ||  |||     @@       @@     @@     @@            @    @     @@      @@     //
|  ||  |||      @@     @@      @@      @@@    @    @@@@@@@@    @@    @@@     //
|  ||  |||        @@@@@@       @@        @@@@@@   @@      @@   @@@@@@       // 
|  ||  |||             @@                                                  //   

                                 Version 2.2.6                                  
  Copyright (c) 2022-2026 Nanoacademic Technologies Inc. All rights reserved.   

      Welcome to QTCAD, the Quantum-Technology Computer-Aided Design tool.      

                        For documentation, please visit:                        
                      https://docs.nanoacademic.com/qtcad/                      

                      For technical support, please visit:                      
        https://nanoacademic.atlassian.net/servicedesk/customer/portal/1        
                                   or email:                                    
                            support@nanoacademic.com                            

    Please consider citing QTCAD in your work following our suggestions at:     
                  https://docs.nanoacademic.com/qtcad/citing/                   

                   For any commercial inquiry, please email:                    
                             sales@nanoacademic.com                             

      For more information about Nanoacademic Technologies, please visit:       
                            https://nanoacademic.com                            

--------------------------------------------------------------------------------
Loading mesh from file:
 C:\Users\norma\Desktop\연구자료\QTCAD Simulation\Simulation Example\M16. Exchange perturbation\Reference\meshes\refined_dqdfdsoi.msh
Done.
================================================================================
3D MESH STATISTICS
--------------------------------------------------------------------------------
Total number of elements      1022018             
Triangular elements           31435               
Tetrahedral elements          990583              
Total number of nodes         173626              
Boundary physical names       barrier_gate_1_bnd, plunger_gate_1_bnd, barrier_gate_2_bnd, plunger_gate_2_bnd, barrier_gate_3_bnd, source_bnd, drain_bnd, back_gate_bnd, 
Region physical names         gate_oxide_dot, gate_oxide, source, drain, channel, oxide, channel_dot, oxide_dot, buried_oxide, buried_oxide_dot, 
================================================================================
================================================================================
3D SUBMESH STATISTICS
--------------------------------------------------------------------------------
Total number of elements      958612              
Triangular elements           29869               
Tetrahedral elements          928743              
Total number of nodes         162691              
Boundary physical names       barrier_gate_1_bnd, plunger_gate_1_bnd, barrier_gate_2_bnd, plunger_gate_2_bnd, barrier_gate_3_bnd, back_gate_bnd, 
Region physical names         gate_oxide_dot, channel_dot, oxide_dot, buried_oxide_dot, 
================================================================================
--------------------------------------------------------------------------------
Solving the non-linear Poisson equation with the boundary conditions displayed below.
--------------------------------------------------------------------------------
Boundary label                              Type            Applied potential (V)
--------------------------------------------------------------------------------
barrier_gate_1_bnd                          gate            0.500000000000      
plunger_gate_1_bnd                          gate            0.590000000000      
barrier_gate_2_bnd                          gate            0.570000000000      
plunger_gate_2_bnd                          gate            0.595000000000      
barrier_gate_3_bnd                          gate            0.500000000000      
source_bnd                                  ohmic           -                   
drain_bnd                                   ohmic           -                   
back_gate_bnd                               frozen          -0.500000000000     
--------------------------------------------------------------------------------
Poisson iter #  Max abs error  Time (s)     Max err. coords (m)                 
--------------------------------------------------------------------------------
1               6.000e-02      3.501743     (-2.538e-08, -5.000e-09, 2.000e-09) 
2               3.806e-05      2.066435     (-1.649e-09, 4.500e-08, -5.380e-09) 
--------------------------------------------------------------------------------
Error converged below required tolerance after:
> 2 Poisson iterations.
> 5.5968029499053955 s.
Average computation time / Poisson iteration is 2.7984811067581177 s.
--------------------------------------------------------------------------------
Saved variable var in C:\Users\norma\Desktop\연구자료\QTCAD Simulation\Simulation Example\M16. Exchange perturbation\Reference\output\detuned_potential.hdf5
Estimated file size: 251.303 kB
--------------------------------------------------------------------------------
Solving Schrödinger's equation for electrons.
--------------------------------------------------------------------------------
Schrodinger's equation solved in 18.439944000041578 s.
Energy levels (eV)
[0.03982825 0.04337886 0.04485990 0.04836642 0.04998220 0.05165417 0.05357734 0.05496586 0.05516058 0.05861373]
Saved data in C:\Users\norma\Desktop\연구자료\QTCAD Simulation\Simulation Example\M16. Exchange perturbation\Reference\output\exchange_localized_wavefunctions.vtu
Estimated file size: 128.147 MB
Initializing Coulomb matrix calculation.
... 1 % completed
... 2 % completed
... 3 % completed
... 4 % completed
... 5 % completed
... 6 % completed
... 7 % completed
... 8 % completed
... 9 % completed
... 10 % completed
... 11 % completed
... 12 % completed
... 13 % completed
... 14 % completed
... 15 % completed
... 16 % completed
... 17 % completed
... 18 % completed
... 19 % completed
... 20 % completed
... 21 % completed
... 22 % completed
... 23 % completed
... 24 % completed
... 25 % completed
... 26 % completed
... 27 % completed
... 28 % completed
... 29 % completed
... 30 % completed
... 31 % completed
... 32 % completed
... 33 % completed
... 34 % completed
... 35 % completed
... 36 % completed
... 37 % completed
... 38 % completed
... 39 % completed
... 40 % completed
... 41 % completed
... 42 % completed
... 43 % completed
... 44 % completed
... 45 % completed
... 46 % completed
... 47 % completed
... 48 % completed
... 49 % completed
... 50 % completed
... 51 % completed
... 52 % completed
... 53 % completed
... 54 % completed
... 55 % completed
... 56 % completed
... 57 % completed
... 58 % completed
... 59 % completed
... 60 % completed
... 61 % completed
... 62 % completed
... 63 % completed
... 64 % completed
... 65 % completed
... 66 % completed
... 67 % completed
... 68 % completed
... 69 % completed
... 70 % completed
... 71 % completed
... 72 % completed
... 73 % completed
... 74 % completed
... 75 % completed
... 76 % completed
... 77 % completed
... 78 % completed
... 79 % completed
... 80 % completed
... 81 % completed
... 82 % completed
... 83 % completed
... 84 % completed
... 85 % completed
... 86 % completed
... 87 % completed
... 88 % completed
... 89 % completed
... 90 % completed
... 91 % completed
... 92 % completed
... 93 % completed
... 94 % completed
... 95 % completed
... 96 % completed
... 97 % completed
... 98 % completed
... 99 % completed
... 100 % completed
Done.
Computing contributions to block-row 0 (part 1/2)
... Step 1 / 2 completed
Done.
Computing contributions to block-row 1 (part 1/2)
... Step 1 / 1 completed
Done.
Computing contributions to block-row 0 (part 2/2)
... Step 1 / 2 completed
Done.
Computing contributions to block-row 1 (part 2/2)
... Step 1 / 1 completed
Done.
Computing Coulomb integrals...
Done.
Coulomb integrals computed in 18.967612300009932 s.
Coulomb interaction matrix in a nearly localized single-electron basis set
[[0.01736667 0.00405974]
 [0.00405974 0.01685032]]
Theoretical exchange interaction: 978.698 MHz

================================================================================
Exiting QTCAD script.
Total simulation time: 84.4331291000126 s
