python : C:\Users\norma\miniconda3\envs\qtcad\Lib\site-packages\qtcad\transport\negf_poisson.py:92: UserWarning: 'phi' set as a Field will not persist after mesh refinement. Please consider using a function o
r constant instead.
At line:5 char:1
+ python -X utf8 fdsoi_negf.py *> fdsoi_negf_run.log
+ ~~~~~~~~~~~~~~~~~~~~~~~~~~~~~~~~~~~~~~~~~~~~~~~~~~
    + CategoryInfo          : NotSpecified: (C:\Users\norma\...nstant instead.:String) [], RemoteException
    + FullyQualifiedErrorId : NativeCommandError
 
  super().__init__(
C:\Users\norma\miniconda3\envs\qtcad\Lib\site-packages\qtcad\device\device.py:1541: UserWarning: 'rho' set as a Field will not persist after mesh refinement. Please consider using a function or constant inste
ad.
  super().set_charge_density(rho, region)

|  ||  |||                                                                 \\  
|  ||  |||         @@@@     @@@@@@@@      @@@@@        @       @@@@@@@      \\ 
|  ||  |||      @@@   @@@      @@      @@@    @       @@       @@    @@@     \\
|  ||  |||     @@       @@     @@     @@             @ @@      @@     @@@     \\
|  ||  |||     @@       @@     @@     @@            @    @     @@      @@     //
|  ||  |||      @@     @@      @@      @@@    @    @@@@@@@@    @@    @@@     //
|  ||  |||        @@@@@@       @@        @@@@@@   @@      @@   @@@@@@       // 
|  ||  |||             @@                                                  //   

                                 Version 2.2.6                                  
  Copyright (c) 2022-2026 Nanoacademic Technologies Inc. All rights reserved.   

      Welcome to QTCAD, the Quantum-Technology Computer-Aided Design tool.      

                        For documentation, please visit:                        
                      https://docs.nanoacademic.com/qtcad/                      

                      For technical support, please visit:                      
        https://nanoacademic.atlassian.net/servicedesk/customer/portal/1        
                                   or email:                                    
                            support@nanoacademic.com                            

    Please consider citing QTCAD in your work following our suggestions at:     
                  https://docs.nanoacademic.com/qtcad/citing/                   

                   For any commercial inquiry, please email:                    
                             sales@nanoacademic.com                             

      For more information about Nanoacademic Technologies, please visit:       
                            https://nanoacademic.com                            

--------------------------------------------------------------------------------
Loading mesh from file:
 C:\Users\norma\Desktop\연구자료\QTCAD Simulation\Simulation Example\M10. Quantum transport\Reference\meshes\fdsoi_negf.msh
Done.
================================================================================
3D MESH STATISTICS
--------------------------------------------------------------------------------
Total number of elements      98505               
Triangular elements           2406                
Tetrahedral elements          96099               
Total number of nodes         18928               
Boundary physical names       barrier_gate_1_bnd, plunger_gate_bnd, barrier_gate_2_bnd, source_bnd, drain_bnd, back_gate_bnd, 
Region physical names         top_ox, source, channel, drain, side_bot_ox, 
================================================================================
================================================================================
3D SUBMESH STATISTICS
--------------------------------------------------------------------------------
Total number of elements      6842                
Triangular elements           44                  
Tetrahedral elements          6798                
Total number of nodes         1976                
Boundary physical names       source_bnd, drain_bnd,        
Region physical names         source, channel, drain,       
================================================================================
================================================================================
NEGF-POISSON SOLVER INITIALIZED
--------------------------------------------------------------------------------
NEGF-Poisson iteration 1
Maximum absolute error: 17.318695377048527 V.
Computation time: 17.330153226852417 s.
--------------------------------------------------------------------------------
NEGF-Poisson iteration 2
Maximum absolute error: 5.084243623422189 V.
Computation time: 37.03052067756653 s.
--------------------------------------------------------------------------------
NEGF-Poisson iteration 3
Maximum absolute error: 5.090038435468031 V.
Computation time: 101.40783071517944 s.
--------------------------------------------------------------------------------
NEGF-Poisson iteration 4
Maximum absolute error: 5.801788324110103 V.
Computation time: 132.3484501838684 s.
--------------------------------------------------------------------------------
NEGF-Poisson iteration 5
Maximum absolute error: 1.4261752871224003 V.
Computation time: 142.6295006275177 s.
--------------------------------------------------------------------------------
NEGF-Poisson iteration 6
Maximum absolute error: 1.1068557110060335 V.
Computation time: 89.83558678627014 s.
--------------------------------------------------------------------------------
NEGF-Poisson iteration 7
Maximum absolute error: 1.280933169452524 V.
Computation time: 136.40969109535217 s.
--------------------------------------------------------------------------------
NEGF-Poisson iteration 8
Maximum absolute error: 0.5953001024716824 V.
Computation time: 143.54496693611145 s.
--------------------------------------------------------------------------------
NEGF-Poisson iteration 9
Maximum absolute error: 0.49274462112764805 V.
Computation time: 147.95785355567932 s.
--------------------------------------------------------------------------------
NEGF-Poisson iteration 10
Maximum absolute error: 0.5063610118560427 V.
Computation time: 175.5606667995453 s.
--------------------------------------------------------------------------------
NEGF-Poisson iteration 11
Maximum absolute error: 0.11955459446631889 V.
Computation time: 131.9525592327118 s.
--------------------------------------------------------------------------------
NEGF-Poisson iteration 12
Maximum absolute error: 0.10545031921009107 V.
Computation time: 154.66100907325745 s.
--------------------------------------------------------------------------------
NEGF-Poisson iteration 13
Maximum absolute error: 0.09659759223076281 V.
Computation time: 194.82375764846802 s.
--------------------------------------------------------------------------------
NEGF-Poisson iteration 14
Maximum absolute error: 0.031235919193528527 V.
Computation time: 231.10774564743042 s.
--------------------------------------------------------------------------------
NEGF-Poisson iteration 15
Maximum absolute error: 0.017803901102525055 V.
Computation time: 138.3179476261139 s.
--------------------------------------------------------------------------------
NEGF-Poisson iteration 16
Maximum absolute error: 0.021197500542401215 V.
Computation time: 115.55928874015808 s.
--------------------------------------------------------------------------------
NEGF-Poisson iteration 17
Maximum absolute error: 0.013077317315675296 V.
Computation time: 94.40281748771667 s.
--------------------------------------------------------------------------------
NEGF-Poisson iteration 18
Maximum absolute error: 0.014414182298901013 V.
Computation time: 85.69013500213623 s.
Traceback (most recent call last):
  File "C:\Users\norma\Desktop\연구자료\QTCAD Simulation\Simulation Example\M10. Quantum transport\Reference\fdsoi_negf.py", line 86, in <module>
    solver.solve()
    ~~~~~~~~~~~~^^
  File "C:\Users\norma\miniconda3\envs\qtcad\Lib\site-packages\qtcad\transport\negf_poisson.py", line 117, in solve
    return super().solve()
           ~~~~~~~~~~~~~^^
  File "qtcad/transport/i_5e37ef81d2f989c/i_5e9599227d1eb30.py", line 268, in qtcad.transport.i_5e37ef81d2f989c.i_5e9599227d1eb30.Solver.solve
  File "qtcad/transport/i_5e37ef81d2f989c/i_5e9599227d1eb30.py", line 212, in qtcad.transport.i_5e37ef81d2f989c.i_5e9599227d1eb30.Solver.i_c59319c031f632f
  File "qtcad/transport/i_5e37ef81d2f989c/i_5e9599227d1eb30.py", line 227, in qtcad.transport.i_5e37ef81d2f989c.i_5e9599227d1eb30.Solver._i_5a3da9f0cd93d96
  File "poissonfem/i_8d82f2cf9e55f85.py", line 235, in poissonfem.i_8d82f2cf9e55f85.periodic_pulay
numpy._core._exceptions._ArrayMemoryError: Unable to allocate 2.67 GiB for an array with shape (18928, 18928) and data type float64
--------------------------------------------------------------------------------
NEGF-Poisson iteration 19
Maximum absolute error: 0.01217030605830316 V.
Computation time: 118.94625687599182 s.

================================================================================
Exiting QTCAD script.
Total simulation time: 3080.1449022000015 s
